// Jest Snapshot v1, https://goo.gl/fbAQLP

exports[`match user snapshot 1`] = `
Object {
  "age": "42",
  "job": "inventor",
  "name": "john doe",
}
`;
